64
-995397 -965514 -910502 -899652 -883568 -870164 -821535 -809320 -752990 -731777 -694723 -693368 -693186 -692567 -685983 -656118 -629613 -536016 -495133 -472471 -470033 -460948 -445137 -374672 -373345 -335687 -276856 -198245 -159378 -141046 -104469 -34752 99677 150021 190397 207777 257482 270029 295180 404131 436387 452592 454295 456044 492099 504411 573212 592453 594874 594929 601427 608171 628746 648108 690047 726773 761286 796218 807122 812758 852814 860066 990939 995185 
